// Jest Snapshot v1, https://goo.gl/fbAQLP

exports[`FetchMovies should add movie data 1`] = `
<body>
  <div>
    <nav
      class="navbar"
    >
      <h3>
        Movie TMDB
      </h3>
      <form>
        <div
          class="form"
        >
          <input
            class="search_form"
            data-testid="search"
            name="search"
            placeholder="Type to search..."
            type="search"
            value=""
          />
        </div>
      </form>
      ;
    </nav>
    <div
      class="container"
      data-testid="fetch"
    >
      <div
        class="grid"
        data-testid="list"
      />
    </div>
  </div>
</body>
`;
