// Jest Snapshot v1, https://goo.gl/fbAQLP

exports[`SearchBox should find a movie 1`] = `
<body>
  <div>
    <div
      class="form"
    >
      <input
        class="search_form"
        data-testid="search"
        placeholder="Type to search..."
        type="search"
        value=""
      />
    </div>
  </div>
</body>
`;
